<!DOCTYPE HTML PUBLIC "-//W3C//DTD HTML 3.2//EN">
<HTML><HEAD><TITLE>check conditional assignment</TITLE></HEAD><BODY>



RESI=resi
HINZ=hinz


SEPP=no hugo

SEPP=seppHUGO=hugo

SEPP=resiHUGO=resi

SEPP=hinz

RESI=hinz
RESI=hinz

RESI unsetRESI unset

RESI=hinz
RESI=hinz

RESI=hinz
</BODY></HTML>
