<HTML><HEAD><TITLE>Simple test</TITLE></HEAD>
<BODY>just a &quot;simple" test with no special
features &amp; &lt;tags&gt;;.

And now something German (sort of):

Nur f&uuml;r&szlig; Te&szlig;ten der d&ouml;&ouml;fen &Uuml;ml&auml;ut&auml;.

And numeric : &#229;bla &#xE5; s&uuml;lz&#Xe5;
Beyond 8-bit: &#1048; fasel &#x6C34; laber

</BODY></HTML>
