<html>
<head></head>
<body>
mist
</body>
</html>

