<HTML><HEAD><TITLE>kack</TITLE></HEAD><BODY>


sepp_simple: 
sepp_nested:     

sepp_out(sepp_in(
))

sepp_out( blub  fasel )

</BODY></HTML>
