<HTML><HEAD><TITLE>Test Image sizes</TITLE></HEAD><BODY>

<IMG SRC="test.gif" ALT="test" WIDTH="320" HEIGHT="256">
<IMG SRC="test.png" ALT="test" WIDTH="320" HEIGHT="256">
<IMG SRC="test.jfif" ALT="test" WIDTH="320" HEIGHT="256">

<IMG SRC="test.ilbm" ALT="test"> 
</BODY></HTML>
