<HTML><HEAD><TITLE>Simple test</TITLE></HEAD>
<BODY>just a &quot;simple" test with no special
features &amp; &lt;tags&gt;;.

And now something German:

Nur f&uuml;r&szlig; Te&szlig;ten der d&ouml;&ouml;fen &Uuml;ml&auml;ut&auml;.

</BODY></HTML>
