sepp1: sepp1
sepp2: sepp2


hugo-open(inside)hugo-close


hugo-simple
